2026-09-23 18:55:00 waiting for run_followup.sh to finish
2026-09-25 08:31:28 follow-up finished; starting distmatch grid
2026-09-25 08:31:28 RUN ecodist_P0.0_T0.0_s0
2026-09-25 09:06:20 OK ecodist_P0.0_T0.0_s0
2026-09-25 09:06:20 RUN ecodist_P0.2_T0.0_s0
2026-09-25 09:41:26 OK ecodist_P0.2_T0.0_s0
2026-09-25 09:41:26 RUN ecodist_P0.0_T1.0_s0
2026-09-25 10:16:38 OK ecodist_P0.0_T1.0_s0
2026-09-25 10:16:38 RUN ecodist_P0.2_T1.0_s0
2026-09-25 10:51:54 OK ecodist_P0.2_T1.0_s0
2026-09-25 10:51:54 SEED_DONE 0
2026-09-25 10:51:54 RUN ecodist_P0.0_T0.0_s1
2026-09-25 11:27:56 OK ecodist_P0.0_T0.0_s1
2026-09-25 11:27:56 RUN ecodist_P0.2_T0.0_s1
2026-09-25 12:04:03 OK ecodist_P0.2_T0.0_s1
2026-09-25 12:04:03 RUN ecodist_P0.0_T1.0_s1
2026-09-25 12:40:23 OK ecodist_P0.0_T1.0_s1
2026-09-25 12:40:23 RUN ecodist_P0.2_T1.0_s1
2026-09-25 13:16:45 OK ecodist_P0.2_T1.0_s1
2026-09-25 13:16:45 SEED_DONE 1
2026-09-25 13:16:45 RUN ecodist_P0.0_T0.0_s2
2026-09-25 13:53:00 OK ecodist_P0.0_T0.0_s2
2026-09-25 13:53:00 RUN ecodist_P0.2_T0.0_s2
2026-09-25 14:28:32 OK ecodist_P0.2_T0.0_s2
2026-09-25 14:28:32 RUN ecodist_P0.0_T1.0_s2
2026-09-25 15:04:10 OK ecodist_P0.0_T1.0_s2
2026-09-25 15:04:10 RUN ecodist_P0.2_T1.0_s2
2026-09-25 15:40:01 OK ecodist_P0.2_T1.0_s2
2026-09-25 15:40:01 SEED_DONE 2
2026-09-25 15:40:01 RUN ecodist_P0.0_T0.0_s3
2026-09-25 16:15:14 OK ecodist_P0.0_T0.0_s3
2026-09-25 16:15:14 RUN ecodist_P0.2_T0.0_s3
2026-09-25 16:50:36 OK ecodist_P0.2_T0.0_s3
2026-09-25 16:50:36 RUN ecodist_P0.0_T1.0_s3
2026-09-25 17:25:26 OK ecodist_P0.0_T1.0_s3
2026-09-25 17:25:26 RUN ecodist_P0.2_T1.0_s3
2026-09-25 18:00:25 OK ecodist_P0.2_T1.0_s3
2026-09-25 18:00:25 SEED_DONE 3
2026-09-25 18:00:25 RUN ecodist_P0.0_T0.0_s4
2026-09-25 18:36:18 OK ecodist_P0.0_T0.0_s4
2026-09-25 18:36:18 RUN ecodist_P0.2_T0.0_s4
2026-09-25 19:12:18 OK ecodist_P0.2_T0.0_s4
2026-09-25 19:12:18 RUN ecodist_P0.0_T1.0_s4
2026-09-25 19:48:20 OK ecodist_P0.0_T1.0_s4
2026-09-25 19:48:20 RUN ecodist_P0.2_T1.0_s4
2026-09-25 20:24:11 OK ecodist_P0.2_T1.0_s4
2026-09-25 20:24:11 SEED_DONE 4
2026-09-25 20:24:11 RUN ecodist_P0.0_T0.0_s5
2026-09-25 21:00:40 OK ecodist_P0.0_T0.0_s5
2026-09-25 21:00:40 RUN ecodist_P0.2_T0.0_s5
2026-09-25 21:37:19 OK ecodist_P0.2_T0.0_s5
2026-09-25 21:37:19 RUN ecodist_P0.0_T1.0_s5
2026-09-25 22:14:08 OK ecodist_P0.0_T1.0_s5
2026-09-25 22:14:08 RUN ecodist_P0.2_T1.0_s5
2026-09-25 22:51:01 OK ecodist_P0.2_T1.0_s5
2026-09-25 22:51:01 SEED_DONE 5
2026-09-25 22:51:01 RUN ecodist_P0.0_T0.0_s6
2026-09-25 23:26:52 OK ecodist_P0.0_T0.0_s6
2026-09-25 23:26:52 RUN ecodist_P0.2_T0.0_s6
2026-09-26 00:02:30 OK ecodist_P0.2_T0.0_s6
2026-09-26 00:02:30 RUN ecodist_P0.0_T1.0_s6
2026-09-26 00:38:18 OK ecodist_P0.0_T1.0_s6
2026-09-26 00:38:19 RUN ecodist_P0.2_T1.0_s6
2026-09-26 01:14:19 OK ecodist_P0.2_T1.0_s6
2026-09-26 01:14:19 SEED_DONE 6
2026-09-26 01:14:19 RUN ecodist_P0.0_T0.0_s7
2026-09-26 01:50:21 OK ecodist_P0.0_T0.0_s7
2026-09-26 01:50:21 RUN ecodist_P0.2_T0.0_s7
2026-09-26 02:26:03 OK ecodist_P0.2_T0.0_s7
2026-09-26 02:26:03 RUN ecodist_P0.0_T1.0_s7
2026-09-26 03:01:52 OK ecodist_P0.0_T1.0_s7
2026-09-26 03:01:52 RUN ecodist_P0.2_T1.0_s7
2026-09-26 03:37:52 OK ecodist_P0.2_T1.0_s7
2026-09-26 03:37:52 SEED_DONE 7
2026-09-26 03:37:52 RUN ecodist_P0.0_T0.0_s8
2026-09-26 04:12:58 OK ecodist_P0.0_T0.0_s8
2026-09-26 04:12:58 RUN ecodist_P0.2_T0.0_s8
2026-09-26 04:48:26 OK ecodist_P0.2_T0.0_s8
2026-09-26 04:48:26 RUN ecodist_P0.0_T1.0_s8
2026-09-26 05:24:05 OK ecodist_P0.0_T1.0_s8
2026-09-26 05:24:06 RUN ecodist_P0.2_T1.0_s8
2026-09-26 05:59:42 OK ecodist_P0.2_T1.0_s8
2026-09-26 05:59:42 SEED_DONE 8
2026-09-26 05:59:42 RUN ecodist_P0.0_T0.0_s9
2026-09-26 06:34:54 OK ecodist_P0.0_T0.0_s9
2026-09-26 06:34:54 RUN ecodist_P0.2_T0.0_s9
2026-09-26 07:09:57 OK ecodist_P0.2_T0.0_s9
2026-09-26 07:09:57 RUN ecodist_P0.0_T1.0_s9
2026-09-26 07:45:04 OK ecodist_P0.0_T1.0_s9
2026-09-26 07:45:04 RUN ecodist_P0.2_T1.0_s9
2026-09-26 08:20:23 OK ecodist_P0.2_T1.0_s9
2026-09-26 08:20:23 SEED_DONE 9
2026-09-26 08:20:23 DIST2_DONE
